// Jest Snapshot v1, https://goo.gl/fbAQLP

exports[`Header matches snapshot 1`] = `
<header>
  <div
    className="wrapper"
  >
    <a
      className="logotype"
      href="/"
    >
      <hgroup>
        <h1>
          My Site
        </h1>
        <h2>
          My Site
        </h2>
      </hgroup>
    </a>
  </div>
</header>
`;
