// Jest Snapshot v1, https://goo.gl/fbAQLP

exports[`App matches snapshot 1`] = `
<div
  className="app"
>
  <div>
    <header>
      <div
        className="wrapper"
      >
        <h1>
          Header
        </h1>
      </div>
    </header>
    <main>
      <div
        className="home-page"
      >
        <div
          className="wrapper"
        >
          <h2>
            Home Page
          </h2>
        </div>
      </div>
    </main>
  </div>
  <footer>
    <div
      className="wrapper"
    >
      Footer
    </div>
  </footer>
</div>
`;
