// Jest Snapshot v1, https://goo.gl/fbAQLP

exports[`AboutUs matches snapshot 1`] = `
<div
  className="root"
>
  <div>
    <header
      className="root"
    >
      <div
        className="wrapper"
      >
        <figure>
          <img
            alt="Logo"
            src="monster.png"
          />
        </figure>
        <h1>
          <a
            href="/"
            onClick={[Function]}
          >
            Primal Vinyl - Song Lyrics Search
          </a>
        </h1>
      </div>
    </header>
    <main>
      <div
        className="root"
      >
        <div
          className="wrapper"
        >
          <h2>
            About Us
          </h2>
        </div>
      </div>
    </main>
  </div>
  <footer
    className="root"
  >
    <div
      className="wrapper"
    >
      <div
        className="logotype"
      >
        <h2>
          <a
            href="/"
            onClick={[Function]}
          >
            Primal Vinyl
          </a>
        </h2>
        <small
          className="copyright"
        >
          © 
          2021
        </small>
      </div>
    </div>
  </footer>
</div>
`;
