// Jest Snapshot v1, https://goo.gl/fbAQLP

exports[`App matches snapshot 1`] = `
<div
  className="app"
>
  <div
    className="root"
  >
    <div>
      <header
        className="root"
      >
        <div
          className="wrapper"
        >
          <a
            className="logotype"
            href="/"
            onClick={[Function]}
          >
            <hgroup>
              <h1>
                Primal Vinyl
              </h1>
              <h2>
                Primal Vinyl
              </h2>
            </hgroup>
          </a>
          <nav
            className="navigation"
          />
        </div>
      </header>
      <main>
        <article
          className="root"
        >
          <div
            className="wrapper"
          >
            <section
              className="root"
            >
              <form
                action="#"
                onReset={[Function]}
                onSubmit={[Function]}
              >
                <div
                  className="root"
                >
                  <div
                    className="formControlWrapper"
                  >
                    <input
                      disabled={false}
                      id="searchField"
                      onBlur={[Function]}
                      onChange={[Function]}
                      required={false}
                      type="search"
                      value=""
                    />
                  </div>
                </div>
                <div
                  className="root"
                >
                  <button
                    disabled={false}
                    id="searchButton"
                    onClick={[Function]}
                    style={
                      Object {
                        "background": "gray800",
                      }
                    }
                    type="submit"
                  >
                    Search
                  </button>
                </div>
              </form>
            </section>
            <div
              className="root"
            >
              <table
                role="table"
              >
                <thead>
                  <tr
                    role="row"
                  >
                    <th
                      colSpan={1}
                      role="columnheader"
                    >
                      
                    </th>
                    <th
                      colSpan={1}
                      role="columnheader"
                    >
                      Song
                    </th>
                    <th
                      colSpan={1}
                      role="columnheader"
                    >
                      Artist
                    </th>
                  </tr>
                </thead>
                <tbody
                  role="rowgroup"
                />
              </table>
            </div>
            <div
              className="root"
            >
              <div
                className="wrapper"
              >
                <div
                  className="contentHeader"
                >
                  <div
                    className="contentImage"
                  >
                    <img
                      alt=""
                      src=""
                    />
                  </div>
                  <div
                    className="contentMain"
                  >
                    <h2>
                      
                    </h2>
                    <p>
                      Written by: 
                      <strong>
                        
                      </strong>
                    </p>
                    <p>
                      Performed by: 
                      <strong>
                        
                      </strong>
                    </p>
                    <p>
                      Album: 
                      <strong>
                        
                      </strong>
                    </p>
                  </div>
                </div>
                <div
                  className="contentLyrics"
                >
                  <h3>
                    Lyrics
                  </h3>
                  <p
                    dangerouslySetInnerHTML={
                      Object {
                        "__html": "",
                      }
                    }
                  />
                </div>
              </div>
            </div>
          </div>
        </article>
      </main>
    </div>
    <footer
      className="root"
    >
      <div
        className="wrapper"
      >
        <div
          className="logotype"
        >
          <a
            href="/"
            onClick={[Function]}
          >
            <h2>
              Primal Vinyl
            </h2>
          </a>
          <div
            className="copyright"
          >
            © 
            2021
             
            Primal Vinyl
          </div>
        </div>
        <div
          className="navigation"
        >
          <nav>
            <ul>
              <li>
                <a
                  aria-current="page"
                  className="active"
                  href="/"
                  onClick={[Function]}
                  style={Object {}}
                >
                  Home
                </a>
              </li>
              <li>
                <a
                  aria-current={null}
                  href="/about-us"
                  onClick={[Function]}
                >
                  About Us
                </a>
              </li>
              <li>
                <a
                  aria-current={null}
                  href="/ding"
                  onClick={[Function]}
                >
                  Nav Item 1
                </a>
              </li>
              <li>
                <a
                  aria-current={null}
                  href="/dong"
                  onClick={[Function]}
                >
                  Nav Item 2
                </a>
              </li>
              <li>
                <a
                  aria-current={null}
                  href="/dingle"
                  onClick={[Function]}
                >
                  Nav Item 3
                </a>
              </li>
              <li>
                <a
                  aria-current={null}
                  href="/ring"
                  onClick={[Function]}
                >
                  Nav Item 4
                </a>
              </li>
              <li>
                <a
                  aria-current={null}
                  href="/sing"
                  onClick={[Function]}
                >
                  Nav Item 5
                </a>
              </li>
            </ul>
          </nav>
        </div>
      </div>
    </footer>
  </div>
</div>
`;
