// Jest Snapshot v1, https://goo.gl/fbAQLP

exports[`BreadCrumbs matches snapshot 1`] = `
<nav
  className="sc-bdfBwQ hKuajV"
>
  <span>
    <a
      href="/test"
      onClick={[Function]}
    >
      test
    </a>
    <span>
        &gt;  
    </span>
  </span>
  <span>
    test
  </span>
</nav>
`;
