// Jest Snapshot v1, https://goo.gl/fbAQLP

exports[`Header matches snapshot 1`] = `
<header
  className="root"
>
  <div
    className="wrapper"
  >
    <figure>
      <img
        alt="Logo"
        src="monster.png"
      />
    </figure>
    <h1>
      <a
        href="/"
        onClick={[Function]}
      >
        Primal Vinyl - Song Lyrics Search
      </a>
    </h1>
  </div>
</header>
`;
