// Jest Snapshot v1, https://goo.gl/fbAQLP

exports[`Header matches snapshot 1`] = `
<header
  className="root"
>
  <div
    className="wrapper"
  >
    <img
      alt=""
      src="monster.png"
    />
    <a
      className="logotype"
      href="/"
      onClick={[Function]}
    >
      <h1>
        Primal Vinyl
      </h1>
    </a>
  </div>
</header>
`;
