// Jest Snapshot v1, https://goo.gl/fbAQLP

exports[`Header matches snapshot 1`] = `
<header
  className="root"
>
  <div
    className="wrapper"
  >
    <a
      className="logotype"
      href="/"
      onClick={[Function]}
    >
      <hgroup>
        <h1>
          Primal Vinyl
        </h1>
        <h2>
          Primal Vinyl
        </h2>
      </hgroup>
    </a>
    <nav
      className="navigation"
    />
  </div>
</header>
`;
