// Jest Snapshot v1, https://goo.gl/fbAQLP

exports[`Header matches snapshot 1`] = `
<div
  className="lazyload-wrapper"
  style={
    Object {
      "height": "100%",
      "width": "100%",
    }
  }
>
  <div
    className="lazyload-placeholder"
    style={
      Object {
        "height": undefined,
      }
    }
  />
</div>
`;
