// Jest Snapshot v1, https://goo.gl/fbAQLP

exports[`SearchForm matches snapshot 1`] = `
<section
  className="root"
>
  <form
    action="#"
    onReset={[Function]}
    onSubmit={[Function]}
  >
    <div
      className="searchInput"
    >
      <div
        className="root"
      >
        <div
          className="formControlWrapper"
        >
          <input
            disabled={false}
            id="searchField"
            onBlur={[Function]}
            onChange={[Function]}
            required={false}
            type="search"
            value=""
          />
        </div>
      </div>
    </div>
    <div
      className="searchSubmit"
    >
      <div
        className="root"
      >
        <button
          disabled={false}
          id="searchButton"
          onClick={[Function]}
          style={
            Object {
              "background": "gray800",
            }
          }
          type="submit"
        >
          Search
        </button>
      </div>
    </div>
  </form>
</section>
`;
