// Jest Snapshot v1, https://goo.gl/fbAQLP

exports[`SearchForm matches snapshot 1`] = `
<div
  className="root"
>
  <form
    onSubmit={[Function]}
  >
    <div
      className="root"
    >
      <input
        className="form-control"
        onBlur={[Function]}
        onChange={[Function]}
        required={false}
        type="text"
        value=""
      />
    </div>
    <button
      className="root"
      disabled={false}
      onClick={[Function]}
      type="submit"
    >
      Search
    </button>
  </form>
</div>
`;
