// Jest Snapshot v1, https://goo.gl/fbAQLP

exports[`SearchResultList matches snapshot 1`] = `
<div
  className="root"
>
  <table
    role="table"
  >
    <thead>
      <tr
        role="row"
      >
        <th
          colSpan={1}
          role="columnheader"
        >
          
        </th>
      </tr>
    </thead>
    <tbody
      role="rowgroup"
    >
      <tr
        role="row"
      >
        <td
          role="cell"
        >
          <a
            className="itemRoot"
            href="/songs/undefined"
            onClick={[Function]}
          >
            <div
              className="itemImage"
            >
              <img
                alt=""
              />
            </div>
            <div>
              <h2 />
              <p>
                Performed by 
              </p>
            </div>
          </a>
        </td>
      </tr>
      <tr
        role="row"
      >
        <td
          role="cell"
        >
          <a
            className="itemRoot"
            href="/songs/undefined"
            onClick={[Function]}
          >
            <div
              className="itemImage"
            >
              <img
                alt=""
              />
            </div>
            <div>
              <h2 />
              <p>
                Performed by 
              </p>
            </div>
          </a>
        </td>
      </tr>
      <tr
        role="row"
      >
        <td
          role="cell"
        >
          <a
            className="itemRoot"
            href="/songs/undefined"
            onClick={[Function]}
          >
            <div
              className="itemImage"
            >
              <img
                alt=""
              />
            </div>
            <div>
              <h2 />
              <p>
                Performed by 
              </p>
            </div>
          </a>
        </td>
      </tr>
    </tbody>
  </table>
</div>
`;
