// Jest Snapshot v1, https://goo.gl/fbAQLP

exports[`SearchItem matches snapshot 1`] = `
<div
  className="root"
>
  <article
    aria-labelledby="songTitle"
  >
    <section
      aria-label="Song Information"
      className="headerRoot"
    >
      <div
        className="headerWrapper"
      >
        <div
          className="headerImage"
        >
          <div
            className="lazyload-wrapper"
            style={
              Object {
                "height": "100%",
                "width": "100%",
              }
            }
          >
            <div
              className="lazyload-placeholder"
              style={
                Object {
                  "height": undefined,
                }
              }
            />
          </div>
        </div>
        <div
          className="headerMain"
        >
          <h2
            id="songTitle"
          >
            
          </h2>
          <div
            className="headerDetails"
          >
            
            
            
            
          </div>
        </div>
      </div>
    </section>
    <div
      className="contentRoot"
    >
      <div
        className="contentWrapper"
      >
        <section
          aria-labelledby="lyrics"
        >
          <h3
            id="lyrics"
          >
            Lyrics
          </h3>
          <p
            dangerouslySetInnerHTML={
              Object {
                "__html": "",
              }
            }
          />
        </section>
        
      </div>
    </div>
  </article>
</div>
`;
