// Jest Snapshot v1, https://goo.gl/fbAQLP

exports[`SearchItem matches snapshot 1`] = `
<div
  className="root"
>
  <div>
    <div
      className="headerRoot"
    >
      <div
        className="headerWrapper"
      >
        <div
          className="headerImage"
        >
          <div
            className="lazyload-wrapper"
            style={
              Object {
                "height": "100%",
                "width": "100%",
              }
            }
          >
            <div
              className="lazyload-placeholder"
              style={
                Object {
                  "height": undefined,
                }
              }
            />
          </div>
        </div>
        <h2>
          
        </h2>
        <div
          className="headerDetails"
        >
          <p>
            <span>
              Artist
            </span>
            <strong>
              
            </strong>
          </p>
          <p>
            <span>
              Written by
            </span>
            <strong>
              
            </strong>
          </p>
          <p>
            <span>
              Album
            </span>
            <strong>
              
            </strong>
          </p>
          <p>
            <span>
              Released
            </span>
            <strong>
              
            </strong>
          </p>
        </div>
      </div>
    </div>
    <div
      className="contentRoot"
    >
      <div
        className="contentWrapper"
      >
        <h3>
          Lyrics
        </h3>
        <p
          dangerouslySetInnerHTML={
            Object {
              "__html": "",
            }
          }
        />
      </div>
    </div>
  </div>
</div>
`;
